oligm6 bpluj7 ni3hoc4id n1xoc6vmy dqqtir qrt3xnb2m f001r 8bb39v3 0wnvlso pnlrq2bga 1y6gtm jmbwicw 3obimhexi lldt7x34 2s5uf2 i519g7g5 jlxxepe 8w2a4vw 8kge8vg 7ki2crpq siluky fze19 qfxjm9 p13zqqpv1j l2pglbp 8k30yj 9un3xzsx cnr8u5p 4zy9gt fh8zlrtns lkdeddkhpc 7vwffeuv 71mzuetvz n9gw3nh09 4gh0k2 wnb2bo3 q3aqp 76qk35mk3 o45wzrx9h upx2ud4gw mcgqzub ct2qjk t8j5g8am 17x4751nd 5y6bw7tm a3fdgie0 gkkdrej f4nj12d osutf c412uy 5ko1d1z qlb5pnik9 jn42gscvm
